{
  "measure": "mixed chat/search/reconnect/maintenance (IMP-07)",
  "revision": "f07ce84362257aedeab16c9ae4c2361193eb6442",
  "dirty": true,
  "params": {
    "seed": 1,
    "people": 12,
    "devices": 2,
    "history": 20000,
    "rounds": 3,
    "seconds": 8
  },
  "machine": {
    "cpu": "12th Gen Intel(R) Core(TM) i5-12400F",
    "cores": 12,
    "memoryGiB": 15.8,
    "os": "win32 10.0.26300 x64"
  },
  "runtime": {
    "node": "v24.16.0"
  },
  "cache": "warm: one process, fixture seeded before timing",
  "devices": 24,
  "results": {
    "post": {
      "samples": 980,
      "p50": 7.65,
      "p95": 24.68,
      "p99": 89.76,
      "max": 227.24,
      "p95ByRound": [
        18.06,
        24.18,
        33.64
      ],
      "p95SpreadPct": 61.6,
      "errors": 0
    },
    "fanout": {
      "samples": 980,
      "p50": 7.25,
      "p95": 23.24,
      "p99": 89.08,
      "max": 226.59,
      "p95ByRound": [
        17.43,
        23.24,
        32.94
      ],
      "p95SpreadPct": 63.2,
      "errors": 0
    },
    "search": {
      "samples": 229,
      "p50": 11.07,
      "p95": 30.22,
      "p99": 86.27,
      "max": 205.65,
      "p95ByRound": [
        22.48,
        30.22,
        34.63
      ],
      "p95SpreadPct": 41.7,
      "errors": 0
    },
    "reconnect": {
      "samples": 51,
      "p50": 7.02,
      "p95": 26.03,
      "p99": 102.03,
      "max": 102.03,
      "p95ByRound": [
        18.89,
        26.03,
        102.03
      ],
      "p95SpreadPct": 169.7,
      "errors": 0
    },
    "maintenance": {
      "samples": 3,
      "p50": 8.27,
      "p95": 9.11,
      "p99": 9.11,
      "max": 9.11,
      "p95ByRound": [
        8.27,
        7.02,
        9.11
      ],
      "p95SpreadPct": 25.7,
      "errors": 0
    }
  },
  "eventLoopDelayMsByRound": [
    {
      "p50": 7.2,
      "p99": 16.88,
      "max": 28.38
    },
    {
      "p50": 7.37,
      "p99": 18.1,
      "max": 89.85
    },
    {
      "p50": 7.56,
      "p99": 33.59,
      "max": 195.95
    }
  ],
  "memoryMiB": {
    "rssBefore": 145.3,
    "rssAfter": 236.6,
    "heapUsedAfter": 87.8
  },
  "errors": 0
}
