2,00,000 messages seeded in 9.5 s. f07ce84, 12th Gen Intel(R) Core(TM) i5-12400F, 12 threads, 16 GB, Node v24.16.0, win32.

query                              rows   p50 ms   p95 ms
the                                  21     12.2     16.3
the (page 2)                         21     11.8     18.0
deploy                               21      7.1      9.6
zebra                                20      0.8      2.0
classified                            0      9.9     15.2
from:@rare                           21     12.5     16.0
in:#small-3                          21      0.8      1.5
the in:#small-3                      21     11.1     14.2
has:file                             21      1.1      2.8
has:link                             21      0.6      1.1
after:2026-08-31                     21      0.2      0.4
before:2024-10-30                    21     52.0     57.1
zebra before:2024-10-30               1      0.8      1.5
deploy (in one channel)              21      2.9      4.8
budget                               21      6.1      9.2
contract pdf                         21      6.3      7.7
invoice                               0      0.3      0.4
type:pdf                             21      4.5      7.1
type:image the                       21     19.2     22.0
budget type:spreadsheet              21      5.9      7.2
Saved root-search.json; 15 exact-reference comparisons passed.
