2,00,000 messages seeded in 8.5 s. f07ce84, 12th Gen Intel(R) Core(TM) i5-12400F, 12 threads, 16 GB, Node v24.16.0, win32.

query                              rows   p50 ms   p95 ms
the                                  21     10.2     12.9
the (page 2)                         21     10.7     13.6
deploy                               21      5.0      7.1
zebra                                20      0.6      1.0
classified                            0      9.2     12.9
from:@rare                           21     14.7     20.5
in:#small-3                          21      0.8      1.3
the in:#small-3                      21     13.3     16.4
has:file                             21      1.0      1.1
has:link                             21      0.6      4.3
after:2026-08-31                     21      0.2      0.3
before:2024-10-30                    21     50.8     55.6
zebra before:2024-10-30               1      0.7      3.0
deploy (in one channel)              21      2.8      4.0
budget                               21      5.8      9.4
contract pdf                         21      6.3      9.1
invoice                               0      0.3      0.6
type:pdf                             21      4.6      7.9
type:image the                       21     19.0     21.6
budget type:spreadsheet              21      5.8     11.9
Saved root-search.json; 14 exact-reference comparisons passed.
