AUDIT {"phase":"armed","mode":"gateway_sqlite_message_failure","authenticatedSocket":true,"productionTrigger":"actual WebSocket message callback","injection":"actual SQLite authorizer refuses READ sessions, without replacing Store methods"}

STDERR:
F:\personal\MaybeProducts\SlackOSS\packages\server\src\store.ts:443
        .prepare(
         ^

Error: access to sessions.token_hash is prohibited
    at Store.isSessionActive (F:\personal\MaybeProducts\SlackOSS\packages\server\src\store.ts:443:10)
    at Gateway.authorized (F:\personal\MaybeProducts\SlackOSS\packages\server\src\gateway.ts:522:20)
    at WebSocket.<anonymous> (F:\personal\MaybeProducts\SlackOSS\packages\server\src\gateway.ts:268:17)
    at WebSocket.emit (node:events:509:28)
    at Receiver.receiverOnMessage (F:\personal\MaybeProducts\SlackOSS\node_modules\.pnpm\ws@8.21.3\node_modules\ws\lib\websocket.js:1239:20)
    at Receiver.emit (node:events:509:28)
    at Receiver.dataMessage (F:\personal\MaybeProducts\SlackOSS\node_modules\.pnpm\ws@8.21.3\node_modules\ws\lib\receiver.js:633:14)
    at Receiver.getData (F:\personal\MaybeProducts\SlackOSS\node_modules\.pnpm\ws@8.21.3\node_modules\ws\lib\receiver.js:532:10)
    at Receiver.startLoop (F:\personal\MaybeProducts\SlackOSS\node_modules\.pnpm\ws@8.21.3\node_modules\ws\lib\receiver.js:190:16)
    at Receiver._write (F:\personal\MaybeProducts\SlackOSS\node_modules\.pnpm\ws@8.21.3\node_modules\ws\lib\receiver.js:117:10) {
  code: 'ERR_SQLITE_ERROR',
  errcode: 23,
  errstr: 'authorization denied'
}

Node.js v24.16.0
